// Jest Snapshot v1, https://goo.gl/fbAQLP

exports[`button should be render 1`] = `
<div>
  <button
    class=" button button__rounded"
    type="button"
  >
    set color
  </button>
</div>
`;
